Release 14.7 - xst P.20131013 (nt64)
Copyright (c) 1995-2013 Xilinx, Inc.  All rights reserved.
--> Parameter TMPDIR set to xst/projnav.tmp


Total REAL time to Xst completion: 0.00 secs
Total CPU time to Xst completion: 0.16 secs
 
--> Parameter xsthdpdir set to xst


Total REAL time to Xst completion: 0.00 secs
Total CPU time to Xst completion: 0.16 secs
 
--> Reading design: Usr_interaction.prj

TABLE OF CONTENTS
  1) Synthesis Options Summary
  2) HDL Parsing
  3) HDL Elaboration
  4) HDL Synthesis
       4.1) HDL Synthesis Report
  5) Advanced HDL Synthesis
       5.1) Advanced HDL Synthesis Report
  6) Low Level Synthesis
  7) Partition Report
  8) Design Summary
       8.1) Primitive and Black Box Usage
       8.2) Device utilization summary
       8.3) Partition Resource Summary
       8.4) Timing Report
            8.4.1) Clock Information
            8.4.2) Asynchronous Control Signals Information
            8.4.3) Timing Summary
            8.4.4) Timing Details
            8.4.5) Cross Clock Domains Report


=========================================================================
*                      Synthesis Options Summary                        *
=========================================================================
---- Source Parameters
Input File Name                    : "Usr_interaction.prj"
Ignore Synthesis Constraint File   : NO

---- Target Parameters
Output File Name                   : "Usr_interaction"
Output Format                      : NGC
Target Device                      : xc6slx16-3-csg324

---- Source Options
Top Module Name                    : Usr_interaction
Automatic FSM Extraction           : YES
FSM Encoding Algorithm             : Auto
Safe Implementation                : No
FSM Style                          : LUT
RAM Extraction                     : Yes
RAM Style                          : Auto
ROM Extraction                     : Yes
Shift Register Extraction          : YES
ROM Style                          : Auto
Resource Sharing                   : YES
Asynchronous To Synchronous        : NO
Shift Register Minimum Size        : 2
Use DSP Block                      : Auto
Automatic Register Balancing       : No

---- Target Options
LUT Combining                      : Auto
Reduce Control Sets                : Auto
Add IO Buffers                     : YES
Global Maximum Fanout              : 100000
Add Generic Clock Buffer(BUFG)     : 16
Register Duplication               : YES
Optimize Instantiated Primitives   : NO
Use Clock Enable                   : Auto
Use Synchronous Set                : Auto
Use Synchronous Reset              : Auto
Pack IO Registers into IOBs        : Auto
Equivalent register Removal        : YES

---- General Options
Optimization Goal                  : Speed
Optimization Effort                : 1
Power Reduction                    : NO
Keep Hierarchy                     : No
Netlist Hierarchy                  : As_Optimized
RTL Output                         : Yes
Global Optimization                : AllClockNets
Read Cores                         : YES
Write Timing Constraints           : NO
Cross Clock Analysis               : NO
Hierarchy Separator                : /
Bus Delimiter                      : <>
Case Specifier                     : Maintain
Slice Utilization Ratio            : 100
BRAM Utilization Ratio             : 100
DSP48 Utilization Ratio            : 100
Auto BRAM Packing                  : NO
Slice Utilization Ratio Delta      : 5

=========================================================================


=========================================================================
*                          HDL Parsing                                  *
=========================================================================
Parsing VHDL file "D:\Jonathan Hubbard\DSD2\Lab4\Code\seven_segment_decoder.vhd" into library work
Parsing entity <seven_segment_decoder>.
Parsing architecture <Behavioral> of entity <seven_segment_decoder>.
Parsing VHDL file "D:\Jonathan Hubbard\DSD2\Lab4\Code\coin_controller.vhd" into library work
Parsing entity <coin_controller>.
Parsing architecture <Behavioral> of entity <coin_controller>.
Parsing VHDL file "D:\Jonathan Hubbard\DSD2\Lab4\Code\bin_bcd.vhd" into library work
Parsing package <bin_bcd>.
Parsing package body <bin_bcd>.
Parsing VHDL file "D:\Jonathan Hubbard\DSD2\Lab4\Code\vending_machine_controller.vhd" into library work
Parsing entity <vending_machine_controller>.
Parsing architecture <Structural> of entity <vending_machine_controller>.
Parsing VHDL file "D:\Jonathan Hubbard\DSD2\Lab4\Code\seven_seg_disp.vhd" into library work
Parsing entity <seven_seg_disp>.
Parsing architecture <Behavioral> of entity <seven_seg_disp>.
Parsing VHDL file "D:\Jonathan Hubbard\DSD2\Lab4\Code\coin_rx.vhd" into library work
Parsing entity <coin_rx>.
Parsing architecture <Behavioral> of entity <coin_rx>.
Parsing VHDL file "D:\Jonathan Hubbard\DSD2\Lab4\Code\Usr_interaction.vhd" into library work
Parsing entity <Usr_interaction>.
Parsing architecture <Behavioral> of entity <usr_interaction>.

=========================================================================
*                            HDL Elaboration                            *
=========================================================================

Elaborating entity <Usr_interaction> (architecture <Behavioral>) from library <work>.

Elaborating entity <vending_machine_controller> (architecture <Structural>) from library <work>.

Elaborating entity <coin_controller> (architecture <Behavioral>) from library <work>.

Elaborating entity <seven_segment_decoder> (architecture <Behavioral>) from library <work>.

Elaborating entity <coin_rx> (architecture <Behavioral>) from library <work>.
INFO:HDLCompiler:679 - "D:\Jonathan Hubbard\DSD2\Lab4\Code\coin_rx.vhd" Line 163. Case statement is complete. others clause is never selected

Elaborating entity <seven_seg_disp> (architecture <Behavioral>) from library <work>.

=========================================================================
*                           HDL Synthesis                               *
=========================================================================

Synthesizing Unit <Usr_interaction>.
    Related source file is "D:\Jonathan Hubbard\DSD2\Lab4\Code\Usr_interaction.vhd".
    Summary:
	no macro.
Unit <Usr_interaction> synthesized.

Synthesizing Unit <vending_machine_controller>.
    Related source file is "D:\Jonathan Hubbard\DSD2\Lab4\Code\vending_machine_controller.vhd".
    Found 4-bit adder for signal <GND_8_o_GND_8_o_add_1_OUT> created at line 40.
    Found 4-bit adder for signal <amt_dep_temp1[11]_GND_8_o_add_3_OUT> created at line 40.
    Found 4-bit adder for signal <amt_dep_temp1[10]_GND_8_o_add_5_OUT> created at line 40.
    Found 4-bit adder for signal <amt_dep_temp1[9]_GND_8_o_add_7_OUT> created at line 40.
    Found 4-bit adder for signal <GND_8_o_GND_8_o_add_9_OUT> created at line 43.
    Found 4-bit adder for signal <amt_dep_temp1[8]_GND_8_o_add_11_OUT> created at line 40.
    Found 4-bit adder for signal <GND_8_o_GND_8_o_add_13_OUT> created at line 43.
    Found 4-bit adder for signal <amt_dep_temp1[7]_GND_8_o_add_15_OUT> created at line 40.
    Found 4-bit adder for signal <amt_dep_temp1[11]_GND_8_o_add_17_OUT> created at line 43.
    Found 4-bit adder for signal <amt_dep_temp1[6]_GND_8_o_add_19_OUT> created at line 40.
    Found 4-bit adder for signal <amt_dep_temp1[10]_GND_8_o_add_21_OUT> created at line 43.
    Found 4-bit adder for signal <n0122> created at line 46.
    Found 4-bit adder for signal <amt_dep_temp1[5]_GND_8_o_add_25_OUT> created at line 40.
    Found 4-bit adder for signal <amt_dep_temp1[9]_GND_8_o_add_27_OUT> created at line 43.
    Found 4-bit adder for signal <n0125> created at line 46.
    Found 4-bit adder for signal <amt_dep_temp1[4]_GND_8_o_add_31_OUT> created at line 40.
    Found 4-bit adder for signal <amt_dep_temp1[8]_GND_8_o_add_33_OUT> created at line 43.
    Found 4-bit adder for signal <n0128> created at line 46.
    Found 3-bit comparator greater for signal <PWR_8_o_amt_dep_temp1[11]_LessThan_1_o> created at line 39
    Found 4-bit comparator greater for signal <GND_8_o_amt_dep_temp1[11]_LessThan_3_o> created at line 39
    Found 4-bit comparator greater for signal <GND_8_o_amt_dep_temp1[10]_LessThan_5_o> created at line 39
    Found 4-bit comparator greater for signal <GND_8_o_amt_dep_temp1[9]_LessThan_7_o> created at line 39
    Found 3-bit comparator greater for signal <PWR_8_o_GND_8_o_LessThan_9_o> created at line 42
    Found 4-bit comparator greater for signal <GND_8_o_amt_dep_temp1[8]_LessThan_11_o> created at line 39
    Found 4-bit comparator greater for signal <GND_8_o_GND_8_o_LessThan_13_o> created at line 42
    Found 4-bit comparator greater for signal <GND_8_o_amt_dep_temp1[7]_LessThan_15_o> created at line 39
    Found 4-bit comparator greater for signal <GND_8_o_amt_dep_temp1[11]_LessThan_17_o> created at line 42
    Found 4-bit comparator greater for signal <GND_8_o_amt_dep_temp1[6]_LessThan_19_o> created at line 39
    Found 4-bit comparator greater for signal <GND_8_o_amt_dep_temp1[10]_LessThan_21_o> created at line 42
    Found 3-bit comparator greater for signal <PWR_8_o_GND_8_o_LessThan_23_o> created at line 45
    Found 4-bit comparator greater for signal <GND_8_o_amt_dep_temp1[5]_LessThan_25_o> created at line 39
    Found 4-bit comparator greater for signal <GND_8_o_amt_dep_temp1[9]_LessThan_27_o> created at line 42
    Found 4-bit comparator greater for signal <GND_8_o_GND_8_o_LessThan_29_o> created at line 45
    Found 4-bit comparator greater for signal <GND_8_o_amt_dep_temp1[4]_LessThan_31_o> created at line 39
    Found 4-bit comparator greater for signal <GND_8_o_amt_dep_temp1[8]_LessThan_33_o> created at line 42
    Found 4-bit comparator greater for signal <GND_8_o_GND_8_o_LessThan_35_o> created at line 45
    Summary:
	inferred  18 Adder/Subtractor(s).
	inferred  18 Comparator(s).
	inferred  69 Multiplexer(s).
Unit <vending_machine_controller> synthesized.

Synthesizing Unit <coin_controller>.
    Related source file is "D:\Jonathan Hubbard\DSD2\Lab4\Code\coin_controller.vhd".
    Found 1-bit register for signal <drop_soda>.
    Found 1-bit register for signal <amt_err>.
    Found 12-bit register for signal <amt_temp>.
    Found 12-bit register for signal <amt_dep>.
    Found 4-bit register for signal <state>.
    Found finite state machine <FSM_0> for signal <state>.
    -----------------------------------------------------------------------
    | States             | 10                                             |
    | Transitions        | 21                                             |
    | Inputs             | 5                                              |
    | Outputs            | 6                                              |
    | Clock              | clk (rising_edge)                              |
    | Reset              | reset_n_INV_15_o (positive)                    |
    | Reset type         | synchronous                                    |
    | Reset State        | s_idle                                         |
    | Power Up State     | s_idle                                         |
    | Encoding           | auto                                           |
    | Implementation     | LUT                                            |
    -----------------------------------------------------------------------
    Found 12-bit adder for signal <amt_temp[11]_GND_9_o_add_4_OUT> created at line 86.
    Found 12-bit adder for signal <amt_temp[11]_GND_9_o_add_5_OUT> created at line 87.
    Found 12-bit adder for signal <amt_temp[11]_GND_9_o_add_6_OUT> created at line 88.
    Found 12-bit subtractor for signal <amt_temp[11]_soda_cost[11]_sub_8_OUT<11:0>> created at line 89.
    Found 12-bit comparator greater for signal <amt_temp[11]_soda_cost[11]_LessThan_19_o> created at line 158
    Summary:
	inferred   1 Adder/Subtractor(s).
	inferred  26 D-type flip-flop(s).
	inferred   1 Comparator(s).
	inferred   4 Multiplexer(s).
	inferred   1 Finite State Machine(s).
Unit <coin_controller> synthesized.

Synthesizing Unit <seven_segment_decoder>.
    Related source file is "D:\Jonathan Hubbard\DSD2\Lab4\Code\seven_segment_decoder.vhd".
    Found 16x7-bit Read Only RAM for signal <hund_disp_n>
    Found 16x7-bit Read Only RAM for signal <tens_disp_n>
    Found 16x7-bit Read Only RAM for signal <ones_disp_n>
    Summary:
	inferred   3 RAM(s).
Unit <seven_segment_decoder> synthesized.

Synthesizing Unit <coin_rx>.
    Related source file is "D:\Jonathan Hubbard\DSD2\Lab4\Code\coin_rx.vhd".
    Found 1-bit register for signal <Q_received>.
    Found 1-bit register for signal <D_reg>.
    Found 1-bit register for signal <D_received>.
    Found 1-bit register for signal <N_reg>.
    Found 1-bit register for signal <N_received>.
    Found 3-bit register for signal <state>.
    Found 1-bit register for signal <Qp>.
    Found 1-bit register for signal <Dp>.
    Found 1-bit register for signal <Np>.
    Found 10-bit register for signal <coin_cntr>.
    Found 1-bit register for signal <Q_reg>.
    Found finite state machine <FSM_1> for signal <state>.
    -----------------------------------------------------------------------
    | States             | 7                                              |
    | Transitions        | 16                                             |
    | Inputs             | 4                                              |
    | Outputs            | 6                                              |
    | Clock              | Clk (rising_edge)                              |
    | Reset              | Reset_n_INV_33_o (positive)                    |
    | Reset type         | synchronous                                    |
    | Reset State        | idle                                           |
    | Power Up State     | idle                                           |
    | Encoding           | auto                                           |
    | Implementation     | LUT                                            |
    -----------------------------------------------------------------------
    Found 10-bit adder for signal <coin_cntr[9]_GND_11_o_add_18_OUT> created at line 181.
    Summary:
	inferred   1 Adder/Subtractor(s).
	inferred  19 D-type flip-flop(s).
	inferred   1 Multiplexer(s).
	inferred   1 Finite State Machine(s).
Unit <coin_rx> synthesized.

Synthesizing Unit <seven_seg_disp>.
    Related source file is "D:\Jonathan Hubbard\DSD2\Lab4\Code\seven_seg_disp.vhd".
    Found 1-bit register for signal <tens_anode>.
    Found 1-bit register for signal <hund_anode>.
    Found 1-bit register for signal <CAn>.
    Found 1-bit register for signal <CBn>.
    Found 1-bit register for signal <CCn>.
    Found 1-bit register for signal <CDn>.
    Found 1-bit register for signal <CEn>.
    Found 1-bit register for signal <CFn>.
    Found 1-bit register for signal <CGn>.
    Found 19-bit register for signal <counter>.
    Found 1-bit register for signal <ones_anode>.
    Found 19-bit adder for signal <counter[18]_GND_12_o_add_10_OUT> created at line 121.
    Found 4x3-bit Read Only RAM for signal <_n0047>
    Found 1-bit 4-to-1 multiplexer for signal <counter[18]_PWR_13_o_Mux_3_o> created at line 66.
    Found 1-bit 4-to-1 multiplexer for signal <counter[18]_PWR_13_o_Mux_4_o> created at line 66.
    Found 1-bit 4-to-1 multiplexer for signal <counter[18]_PWR_13_o_Mux_5_o> created at line 66.
    Found 1-bit 4-to-1 multiplexer for signal <counter[18]_PWR_13_o_Mux_6_o> created at line 66.
    Found 1-bit 4-to-1 multiplexer for signal <counter[18]_PWR_13_o_Mux_7_o> created at line 66.
    Found 1-bit 4-to-1 multiplexer for signal <counter[18]_PWR_13_o_Mux_8_o> created at line 66.
    Found 1-bit 4-to-1 multiplexer for signal <counter[18]_PWR_13_o_Mux_9_o> created at line 66.
    Summary:
	inferred   1 RAM(s).
	inferred   1 Adder/Subtractor(s).
	inferred  29 D-type flip-flop(s).
	inferred   7 Multiplexer(s).
Unit <seven_seg_disp> synthesized.

=========================================================================
HDL Synthesis Report

Macro Statistics
# RAMs                                                 : 4
 16x7-bit single-port Read Only RAM                    : 3
 4x3-bit single-port Read Only RAM                     : 1
# Adders/Subtractors                                   : 21
 10-bit adder                                          : 1
 12-bit addsub                                         : 1
 19-bit adder                                          : 1
 4-bit adder                                           : 18
# Registers                                            : 23
 1-bit register                                        : 18
 10-bit register                                       : 1
 12-bit register                                       : 2
 19-bit register                                       : 1
 3-bit register                                        : 1
# Comparators                                          : 19
 12-bit comparator greater                             : 1
 3-bit comparator greater                              : 3
 4-bit comparator greater                              : 15
# Multiplexers                                         : 81
 1-bit 2-to-1 multiplexer                              : 70
 1-bit 4-to-1 multiplexer                              : 7
 10-bit 2-to-1 multiplexer                             : 1
 12-bit 2-to-1 multiplexer                             : 3
# FSMs                                                 : 2

=========================================================================
INFO:Xst:1767 - HDL ADVISOR - Resource sharing has identified that some arithmetic operations in this design can share the same physical resources for reduced device utilization. For improved clock frequency you may try to disable resource sharing.

=========================================================================
*                       Advanced HDL Synthesis                          *
=========================================================================


Synthesizing (advanced) Unit <coin_controller>.
The following registers are absorbed into accumulator <amt_temp>: 1 register on signal <amt_temp>.
Unit <coin_controller> synthesized (advanced).

Synthesizing (advanced) Unit <coin_rx>.
The following registers are absorbed into counter <coin_cntr>: 1 register on signal <coin_cntr>.
Unit <coin_rx> synthesized (advanced).

Synthesizing (advanced) Unit <seven_seg_disp>.
The following registers are absorbed into counter <counter>: 1 register on signal <counter>.
INFO:Xst:3231 - The small RAM <Mram__n0047> will be implemented on LUTs in order to maximize performance and save block RAM resources. If you want to force its implementation on block, use option/constraint ram_style.
    -----------------------------------------------------------------------
    | ram_type           | Distributed                         |          |
    -----------------------------------------------------------------------
    | Port A                                                              |
    |     aspect ratio   | 4-word x 3-bit                      |          |
    |     weA            | connected to signal <GND>           | high     |
    |     addrA          | connected to signal <counter>       |          |
    |     diA            | connected to signal <GND>           |          |
    |     doA            | connected to internal node          |          |
    -----------------------------------------------------------------------
Unit <seven_seg_disp> synthesized (advanced).

Synthesizing (advanced) Unit <seven_segment_decoder>.
INFO:Xst:3218 - HDL ADVISOR - The RAM <Mram_hund_disp_n> will be implemented on LUTs either because you have described an asynchronous read or because of currently unsupported block RAM features. If you have described an asynchronous read, making it synchronous would allow you to take advantage of available block RAM resources, for optimized device usage and improved timings. Please refer to your documentation for coding guidelines.
    -----------------------------------------------------------------------
    | ram_type           | Distributed                         |          |
    -----------------------------------------------------------------------
    | Port A                                                              |
    |     aspect ratio   | 16-word x 7-bit                     |          |
    |     weA            | connected to signal <GND>           | high     |
    |     addrA          | connected to signal <BCD<11:8>>     |          |
    |     diA            | connected to signal <GND>           |          |
    |     doA            | connected to signal <hund_disp_n>   |          |
    -----------------------------------------------------------------------
INFO:Xst:3218 - HDL ADVISOR - The RAM <Mram_tens_disp_n> will be implemented on LUTs either because you have described an asynchronous read or because of currently unsupported block RAM features. If you have described an asynchronous read, making it synchronous would allow you to take advantage of available block RAM resources, for optimized device usage and improved timings. Please refer to your documentation for coding guidelines.
    -----------------------------------------------------------------------
    | ram_type           | Distributed                         |          |
    -----------------------------------------------------------------------
    | Port A                                                              |
    |     aspect ratio   | 16-word x 7-bit                     |          |
    |     weA            | connected to signal <GND>           | high     |
    |     addrA          | connected to signal <BCD<7:4>>      |          |
    |     diA            | connected to signal <GND>           |          |
    |     doA            | connected to signal <tens_disp_n>   |          |
    -----------------------------------------------------------------------
INFO:Xst:3218 - HDL ADVISOR - The RAM <Mram_ones_disp_n> will be implemented on LUTs either because you have described an asynchronous read or because of currently unsupported block RAM features. If you have described an asynchronous read, making it synchronous would allow you to take advantage of available block RAM resources, for optimized device usage and improved timings. Please refer to your documentation for coding guidelines.
    -----------------------------------------------------------------------
    | ram_type           | Distributed                         |          |
    -----------------------------------------------------------------------
    | Port A                                                              |
    |     aspect ratio   | 16-word x 7-bit                     |          |
    |     weA            | connected to signal <GND>           | high     |
    |     addrA          | connected to signal <BCD<3:0>>      |          |
    |     diA            | connected to signal <GND>           |          |
    |     doA            | connected to signal <ones_disp_n>   |          |
    -----------------------------------------------------------------------
Unit <seven_segment_decoder> synthesized (advanced).

=========================================================================
Advanced HDL Synthesis Report

Macro Statistics
# RAMs                                                 : 4
 16x7-bit single-port distributed Read Only RAM        : 3
 4x3-bit single-port distributed Read Only RAM         : 1
# Adders/Subtractors                                   : 18
 3-bit adder                                           : 3
 4-bit adder                                           : 15
# Counters                                             : 2
 10-bit up counter                                     : 1
 19-bit up counter                                     : 1
# Accumulators                                         : 1
 12-bit updown accumulator                             : 1
# Registers                                            : 33
 Flip-Flops                                            : 33
# Comparators                                          : 19
 12-bit comparator greater                             : 1
 3-bit comparator greater                              : 3
 4-bit comparator greater                              : 15
# Multiplexers                                         : 80
 1-bit 2-to-1 multiplexer                              : 70
 1-bit 4-to-1 multiplexer                              : 7
 12-bit 2-to-1 multiplexer                             : 3
# FSMs                                                 : 2

=========================================================================

=========================================================================
*                         Low Level Synthesis                           *
=========================================================================
Analyzing FSM <MFsm> for best encoding.
Optimizing FSM <instance0_vending_machine_controller/coin_controller/FSM_0> on signal <state[1:4]> with user encoding.
-------------------------
 State       | Encoding
-------------------------
 s_idle      | 0000
 s_wait      | 0001
 s_quarter   | 0010
 s_dime      | 0011
 s_nickel    | 0100
 s_soda_r    | 0101
 s_soda_d    | 0110
 s_soda_err  | 0111
 s_drop_wait | 1000
 s_err_wait  | 1001
-------------------------
Analyzing FSM <MFsm> for best encoding.
Optimizing FSM <instance0_coin_rx/FSM_1> on signal <state[1:3]> with user encoding.
------------------------------
 State            | Encoding
------------------------------
 idle             | 000
 nickel_detected  | 001
 nickel_wait      | 010
 dime_detected    | 011
 dime_wait        | 100
 quarter_detected | 101
 quarter_wait     | 110
------------------------------

Optimizing unit <Usr_interaction> ...

Optimizing unit <vending_machine_controller> ...

Optimizing unit <coin_controller> ...

Optimizing unit <coin_rx> ...

Optimizing unit <seven_seg_disp> ...

Mapping all equations...
Building and optimizing final netlist ...
Found area constraint ratio of 100 (+ 5) on block Usr_interaction, actual ratio is 2.

Final Macro Processing ...

=========================================================================
Final Register Report

Macro Statistics
# Registers                                            : 81
 Flip-Flops                                            : 81

=========================================================================

=========================================================================
*                           Partition Report                            *
=========================================================================

Partition Implementation Status
-------------------------------

  No Partitions were found in this design.

-------------------------------

=========================================================================
*                            Design Summary                             *
=========================================================================

Top Level Output File Name         : Usr_interaction.ngc

Primitive and Black Box Usage:
------------------------------
# BELS                             : 303
#      GND                         : 1
#      INV                         : 2
#      LUT1                        : 18
#      LUT2                        : 6
#      LUT3                        : 12
#      LUT4                        : 39
#      LUT5                        : 34
#      LUT6                        : 99
#      MUXCY                       : 43
#      MUXF7                       : 7
#      VCC                         : 1
#      XORCY                       : 41
# FlipFlops/Latches                : 81
#      FD                          : 15
#      FDR                         : 47
#      FDRE                        : 12
#      FDS                         : 7
# Clock Buffers                    : 1
#      BUFGP                       : 1
# IO Buffers                       : 25
#      IBUF                        : 9
#      OBUF                        : 16

Device utilization summary:
---------------------------

Selected Device : 6slx16csg324-3 


Slice Logic Utilization: 
 Number of Slice Registers:              81  out of  18224     0%  
 Number of Slice LUTs:                  210  out of   9112     2%  
    Number used as Logic:               210  out of   9112     2%  

Slice Logic Distribution: 
 Number of LUT Flip Flop pairs used:    222
   Number with an unused Flip Flop:     141  out of    222    63%  
   Number with an unused LUT:            12  out of    222     5%  
   Number of fully used LUT-FF pairs:    69  out of    222    31%  
   Number of unique control sets:         3

IO Utilization: 
 Number of IOs:                          26
 Number of bonded IOBs:                  26  out of    232    11%  

Specific Feature Utilization:
 Number of BUFG/BUFGCTRLs:                1  out of     16     6%  

---------------------------
Partition Resource Summary:
---------------------------

  No Partitions were found in this design.

---------------------------


=========================================================================
Timing Report

NOTE: THESE TIMING NUMBERS ARE ONLY A SYNTHESIS ESTIMATE.
      FOR ACCURATE TIMING INFORMATION PLEASE REFER TO THE TRACE REPORT
      GENERATED AFTER PLACE-and-ROUTE.

Clock Information:
------------------
-----------------------------------+------------------------+-------+
Clock Signal                       | Clock buffer(FF name)  | Load  |
-----------------------------------+------------------------+-------+
Clk_in                             | BUFGP                  | 81    |
-----------------------------------+------------------------+-------+

Asynchronous Control Signals Information:
----------------------------------------
No asynchronous control signals found in this design

Timing Summary:
---------------
Speed Grade: -3

   Minimum period: 9.464ns (Maximum Frequency: 105.660MHz)
   Minimum input arrival time before clock: 7.253ns
   Maximum output required time after clock: 3.597ns
   Maximum combinational path delay: 4.409ns

Timing Details:
---------------
All values displayed in nanoseconds (ns)

=========================================================================
Timing constraint: Default period analysis for Clock 'Clk_in'
  Clock period: 9.464ns (frequency: 105.660MHz)
  Total number of paths / destination ports: 42419 / 90
-------------------------------------------------------------------------
Delay:               9.464ns (Levels of Logic = 8)
  Source:            instance0_vending_machine_controller/coin_controller/amt_dep_9 (FF)
  Destination:       instance0_seven_seg_disp/CFn (FF)
  Source Clock:      Clk_in rising
  Destination Clock: Clk_in rising

  Data Path: instance0_vending_machine_controller/coin_controller/amt_dep_9 to instance0_seven_seg_disp/CFn
                                Gate     Net
    Cell:in->out      fanout   Delay   Delay  Logical Name (Net Name)
    ----------------------------------------  ------------
     FD:C->Q              12   0.447   1.253  instance0_vending_machine_controller/coin_controller/amt_dep_9 (instance0_vending_machine_controller/coin_controller/amt_dep_9)
     LUT5:I0->O           10   0.203   0.961  instance0_vending_machine_controller/Mmux_amt_dep_temp1[10]_amt_dep_temp1[10]_MUX_61_o11 (instance0_vending_machine_controller/Madd_GND_8_o_GND_8_o_add_9_OUT_cy<0>)
     LUT6:I4->O            1   0.203   0.808  instance0_vending_machine_controller/Mmux_amt_dep_temp1[6]_amt_dep_temp1[7]_MUX_82_o11_SW2 (N52)
     LUT6:I3->O           10   0.205   0.857  instance0_vending_machine_controller/Mmux_amt_dep_temp1[6]_amt_dep_temp1[7]_MUX_82_o11 (instance0_vending_machine_controller/Madd_amt_dep_temp1[6]_GND_8_o_add_19_OUT_lut<3>)
     LUT6:I5->O           17   0.205   1.028  instance0_vending_machine_controller/Mmux_amt_dep_temp1[6]_amt_dep_temp1[6]_MUX_89_o11 (instance0_vending_machine_controller/Madd_amt_dep_temp1[9]_GND_8_o_add_27_OUT_cy<0>)
     LUT6:I5->O           11   0.205   0.987  instance0_vending_machine_controller/Mmux_amt_dep_temp1[9]_amt_dep_temp1[9]_MUX_105_o11 (instance0_vending_machine_controller/Madd_n0128_Madd_cy<0>)
     LUT6:I4->O            1   0.203   0.808  instance0_seven_seg_disp/Mmux_counter[18]_PWR_13_o_Mux_8_o13_SW2 (N101)
     LUT6:I3->O            1   0.205   0.580  instance0_seven_seg_disp/Mmux_counter[18]_PWR_13_o_Mux_8_o13 (instance0_seven_seg_disp/Mmux_counter[18]_PWR_13_o_Mux_8_o12)
     LUT6:I5->O            1   0.205   0.000  instance0_seven_seg_disp/Mmux_counter[18]_PWR_13_o_Mux_8_o17 (instance0_seven_seg_disp/counter[18]_PWR_13_o_Mux_8_o)
     FDS:D                     0.102          instance0_seven_seg_disp/CFn
    ----------------------------------------
    Total                      9.464ns (2.183ns logic, 7.281ns route)
                                       (23.1% logic, 76.9% route)

=========================================================================
Timing constraint: Default OFFSET IN BEFORE for Clock 'Clk_in'
  Total number of paths / destination ports: 3484 / 101
-------------------------------------------------------------------------
Offset:              7.253ns (Levels of Logic = 10)
  Source:            Soda_price_in<3> (PAD)
  Destination:       instance0_vending_machine_controller/coin_controller/amt_temp_11 (FF)
  Destination Clock: Clk_in rising

  Data Path: Soda_price_in<3> to instance0_vending_machine_controller/coin_controller/amt_temp_11
                                Gate     Net
    Cell:in->out      fanout   Delay   Delay  Logical Name (Net Name)
    ----------------------------------------  ------------
     IBUF:I->O            10   1.222   1.085  Soda_price_in_3_IBUF (Soda_price_in_3_IBUF)
     LUT3:I0->O            3   0.205   0.898  instance0_vending_machine_controller/coin_controller/soda_cost<12>1 (instance0_vending_machine_controller/coin_controller/soda_cost<0>)
     LUT4:I0->O            1   0.203   0.000  instance0_vending_machine_controller/coin_controller/Mcompar_amt_temp[11]_soda_cost[11]_LessThan_19_o_lut<0> (instance0_vending_machine_controller/coin_controller/Mcompar_amt_temp[11]_soda_cost[11]_LessThan_19_o_lut<0>)
     MUXCY:S->O            1   0.172   0.000  instance0_vending_machine_controller/coin_controller/Mcompar_amt_temp[11]_soda_cost[11]_LessThan_19_o_cy<0> (instance0_vending_machine_controller/coin_controller/Mcompar_amt_temp[11]_soda_cost[11]_LessThan_19_o_cy<0>)
     MUXCY:CI->O           1   0.019   0.000  instance0_vending_machine_controller/coin_controller/Mcompar_amt_temp[11]_soda_cost[11]_LessThan_19_o_cy<1> (instance0_vending_machine_controller/coin_controller/Mcompar_amt_temp[11]_soda_cost[11]_LessThan_19_o_cy<1>)
     MUXCY:CI->O           1   0.019   0.000  instance0_vending_machine_controller/coin_controller/Mcompar_amt_temp[11]_soda_cost[11]_LessThan_19_o_cy<2> (instance0_vending_machine_controller/coin_controller/Mcompar_amt_temp[11]_soda_cost[11]_LessThan_19_o_cy<2>)
     MUXCY:CI->O           1   0.019   0.000  instance0_vending_machine_controller/coin_controller/Mcompar_amt_temp[11]_soda_cost[11]_LessThan_19_o_cy<3> (instance0_vending_machine_controller/coin_controller/Mcompar_amt_temp[11]_soda_cost[11]_LessThan_19_o_cy<3>)
     MUXCY:CI->O           1   0.213   0.684  instance0_vending_machine_controller/coin_controller/Mcompar_amt_temp[11]_soda_cost[11]_LessThan_19_o_cy<4> (instance0_vending_machine_controller/coin_controller/Mcompar_amt_temp[11]_soda_cost[11]_LessThan_19_o_cy<4>)
     LUT6:I4->O            7   0.203   0.878  instance0_vending_machine_controller/coin_controller/state_FSM_FFd4-In3 (instance0_vending_machine_controller/coin_controller/next_state<0>)
     LUT4:I2->O           12   0.203   0.908  instance0_vending_machine_controller/coin_controller/_n0089_inv1 (instance0_vending_machine_controller/coin_controller/_n0089_inv)
     FDRE:CE                   0.322          instance0_vending_machine_controller/coin_controller/amt_temp_0
    ----------------------------------------
    Total                      7.253ns (2.800ns logic, 4.453ns route)
                                       (38.6% logic, 61.4% route)

=========================================================================
Timing constraint: Default OFFSET OUT AFTER for Clock 'Clk_in'
  Total number of paths / destination ports: 12 / 12
-------------------------------------------------------------------------
Offset:              3.597ns (Levels of Logic = 1)
  Source:            instance0_vending_machine_controller/coin_controller/drop_soda (FF)
  Destination:       Drop_soda_out (PAD)
  Source Clock:      Clk_in rising

  Data Path: instance0_vending_machine_controller/coin_controller/drop_soda to Drop_soda_out
                                Gate     Net
    Cell:in->out      fanout   Delay   Delay  Logical Name (Net Name)
    ----------------------------------------  ------------
     FDR:C->Q              1   0.447   0.579  instance0_vending_machine_controller/coin_controller/drop_soda (instance0_vending_machine_controller/coin_controller/drop_soda)
     OBUF:I->O                 2.571          Drop_soda_out_OBUF (Drop_soda_out)
    ----------------------------------------
    Total                      3.597ns (3.018ns logic, 0.579ns route)
                                       (83.9% logic, 16.1% route)

=========================================================================
Timing constraint: Default path analysis
  Total number of paths / destination ports: 3 / 3
-------------------------------------------------------------------------
Delay:               4.409ns (Levels of Logic = 2)
  Source:            Qrcd_in (PAD)
  Destination:       Qrcd_out (PAD)

  Data Path: Qrcd_in to Qrcd_out
                                Gate     Net
    Cell:in->out      fanout   Delay   Delay  Logical Name (Net Name)
    ----------------------------------------  ------------
     IBUF:I->O             2   1.222   0.616  Qrcd_in_IBUF (Qrcd_out_OBUF)
     OBUF:I->O                 2.571          Qrcd_out_OBUF (Qrcd_out)
    ----------------------------------------
    Total                      4.409ns (3.793ns logic, 0.616ns route)
                                       (86.0% logic, 14.0% route)

=========================================================================

Cross Clock Domains Report:
--------------------------

Clock to Setup on destination clock Clk_in
---------------+---------+---------+---------+---------+
               | Src:Rise| Src:Fall| Src:Rise| Src:Fall|
Source Clock   |Dest:Rise|Dest:Rise|Dest:Fall|Dest:Fall|
---------------+---------+---------+---------+---------+
Clk_in         |    9.464|         |         |         |
---------------+---------+---------+---------+---------+

=========================================================================


Total REAL time to Xst completion: 10.00 secs
Total CPU time to Xst completion: 9.63 secs
 
--> 

Total memory usage is 263788 kilobytes

Number of errors   :    0 (   0 filtered)
Number of warnings :    0 (   0 filtered)
Number of infos    :    5 (   0 filtered)

